// Jest Snapshot v1, https://goo.gl/fbAQLP

exports[`Login init renders correctly snapshot test passed 1`] = `
<div
  className="MuiGrid-root Login-loginFormWrapper-1 MuiGrid-container"
>
  <div
    className="MuiGrid-root MuiGrid-container MuiGrid-item MuiGrid-align-items-xs-center MuiGrid-justify-xs-center MuiGrid-grid-xs-7"
  >
    <img
      alt="Логотип компании"
      src="logo-taxi-light.png"
    />
  </div>
  <div
    className="MuiGrid-root MuiGrid-container MuiGrid-item MuiGrid-align-items-xs-center MuiGrid-justify-xs-flex-end MuiGrid-grid-xs-4"
  >
    <div
      className="MuiPaper-root MuiCard-root Login-loginForm-2 MuiPaper-elevation1 MuiPaper-rounded"
    >
      <div
        className="MuiCardContent-root"
      >
        <h1
          className="MuiTypography-root MuiTypography-h3 MuiTypography-gutterBottom MuiTypography-alignLeft"
        >
          <div
            className="MuiBox-root MuiBox-root-7"
          >
            Войти
          </div>
        </h1>
        <h2
          className="MuiTypography-root MuiTypography-h5 MuiTypography-gutterBottom MuiTypography-alignLeft"
        >
          <div
            className="MuiBox-root MuiBox-root-8"
          >
            Новый пользователь? 
            <a
              className="MuiTypography-root MuiLink-root MuiLink-underlineHover Login-loginRegistrationLink-3 MuiTypography-colorPrimary"
              href="#"
              onBlur={[Function]}
              onClick={[Function]}
              onFocus={[Function]}
            >
              Зарегистрируйтесь
            </a>
          </div>
        </h2>
        <form
          autoComplete="off"
        >
          <div
            className="MuiFormControl-root MuiTextField-root MuiFormControl-fullWidth"
            data-testid="login"
          >
            <label
              className="MuiFormLabel-root MuiFormLabel-colorSecondary MuiInputLabel-root MuiInputLabel-formControl MuiInputLabel-animated Mui-required Mui-required"
              data-shrink={false}
              htmlFor="login"
              id="login-label"
              style={
                Object {
                  "fontSize": 18,
                }
              }
            >
              Имя пользователя
              <span
                aria-hidden={true}
                className="MuiFormLabel-asterisk MuiInputLabel-asterisk"
              >
                 
                *
              </span>
            </label>
            <div
              className="MuiInputBase-root MuiInput-root MuiInput-underline MuiInputBase-colorSecondary MuiInput-colorSecondary MuiInputBase-fullWidth MuiInput-fullWidth MuiInputBase-formControl MuiInput-formControl"
              onClick={[Function]}
            >
              <input
                aria-invalid={false}
                autoFocus={false}
                className="MuiInputBase-input MuiInput-input"
                disabled={false}
                id="login"
                name="login"
                onAnimationStart={[Function]}
                onBlur={[Function]}
                onChange={[Function]}
                onFocus={[Function]}
                required={true}
                style={
                  Object {
                    "fontSize": 18,
                  }
                }
                type="text"
                value=""
              />
            </div>
          </div>
          <br />
          <div
            style={
              Object {
                "marginTop": 28,
              }
            }
          />
          <div
            className="MuiFormControl-root MuiTextField-root"
            data-testid="myPassword"
          >
            <label
              className="MuiFormLabel-root MuiFormLabel-colorSecondary MuiInputLabel-root MuiInputLabel-formControl MuiInputLabel-animated Mui-required Mui-required"
              data-shrink={false}
              htmlFor="password"
              id="password-label"
              style={
                Object {
                  "fontSize": 18,
                }
              }
            >
              Пароль
              <span
                aria-hidden={true}
                className="MuiFormLabel-asterisk MuiInputLabel-asterisk"
              >
                 
                *
              </span>
            </label>
            <div
              className="MuiInputBase-root MuiInput-root MuiInput-underline MuiInputBase-colorSecondary MuiInput-colorSecondary MuiInputBase-formControl MuiInput-formControl"
              onClick={[Function]}
            >
              <input
                aria-invalid={false}
                autoFocus={false}
                className="MuiInputBase-input MuiInput-input"
                disabled={false}
                id="password"
                name="password"
                onAnimationStart={[Function]}
                onBlur={[Function]}
                onChange={[Function]}
                onFocus={[Function]}
                required={true}
                style={
                  Object {
                    "fontSize": 18,
                    "minWidth": 370,
                  }
                }
                type="password"
              />
            </div>
          </div>
          <br />
          <div
            className="MuiGrid-root MuiGrid-container MuiGrid-item MuiGrid-justify-xs-flex-end"
          >
            <button
              className="MuiButtonBase-root MuiButton-root MuiButton-contained Login-loginSubmitBtn-4 MuiButton-containedPrimary"
              data-testid="loginSubmit"
              disabled={false}
              onBlur={[Function]}
              onClick={[Function]}
              onDragLeave={[Function]}
              onFocus={[Function]}
              onKeyDown={[Function]}
              onKeyUp={[Function]}
              onMouseDown={[Function]}
              onMouseLeave={[Function]}
              onMouseUp={[Function]}
              onTouchEnd={[Function]}
              onTouchMove={[Function]}
              onTouchStart={[Function]}
              tabIndex={0}
              type="submit"
            >
              <span
                className="MuiButton-label"
              >
                Войти
              </span>
            </button>
          </div>
        </form>
      </div>
    </div>
  </div>
</div>
`;
